c:\users\ozzzi\desktop\cppsql\cppsql\x64\debug\vc143.pdb
c:\users\ozzzi\desktop\cppsql\cppsql\x64\debug\vc143.idb
c:\users\ozzzi\desktop\cppsql\cppsql\x64\debug\connectiondetails.obj
c:\users\ozzzi\desktop\cppsql\cppsql\x64\debug\userconfig.obj
c:\users\ozzzi\desktop\cppsql\cppsql\x64\debug\main.obj
c:\users\ozzzi\desktop\cppsql\cppsql\x64\debug\helpers.obj
c:\users\ozzzi\desktop\cppsql\cppsql\x64\debug\logger.obj
c:\users\ozzzi\desktop\cppsql\cppsql\x64\debug\commandprocessor.obj
c:\users\ozzzi\desktop\cppsql\cppsql\x64\debug\command.obj
c:\users\ozzzi\desktop\cppsql\x64\debug\jsoncpp.dll
c:\users\ozzzi\desktop\cppsql\x64\debug\cppsql.exe
c:\users\ozzzi\desktop\cppsql\x64\debug\cppsql.pdb
c:\users\ozzzi\desktop\cppsql\x64\debug\cppsql.lib
c:\users\ozzzi\desktop\cppsql\x64\debug\cppsql.exp
c:\users\ozzzi\desktop\cppsql\cppsql\x64\debug\cppsql.ilk
c:\users\ozzzi\desktop\cppsql\cppsql\x64\debug\cppsql.tlog\cl.command.1.tlog
c:\users\ozzzi\desktop\cppsql\cppsql\x64\debug\cppsql.tlog\cl.items.tlog
c:\users\ozzzi\desktop\cppsql\cppsql\x64\debug\cppsql.tlog\cl.read.1.tlog
c:\users\ozzzi\desktop\cppsql\cppsql\x64\debug\cppsql.tlog\cl.write.1.tlog
c:\users\ozzzi\desktop\cppsql\cppsql\x64\debug\cppsql.tlog\cppsql.write.1u.tlog
c:\users\ozzzi\desktop\cppsql\cppsql\x64\debug\cppsql.tlog\link.command.1.tlog
c:\users\ozzzi\desktop\cppsql\cppsql\x64\debug\cppsql.tlog\link.read.1.tlog
c:\users\ozzzi\desktop\cppsql\cppsql\x64\debug\cppsql.tlog\link.secondary.1.tlog
c:\users\ozzzi\desktop\cppsql\cppsql\x64\debug\cppsql.tlog\link.write.1.tlog
