  Command.cpp
C:\Users\ozzzi\Desktop\CPPSQL\CPPSQL\Logger.cpp(6,14): warning C4091: 'static ': ignored on left of 'Logger' when no variable is declared
  (compiling source file 'Command.cpp')
  
C:\Users\ozzzi\Desktop\CPPSQL\CPPSQL\Helpers.cpp(9,14): warning C4091: 'static ': ignored on left of 'Helpers' when no variable is declared
  (compiling source file 'Command.cpp')
  
C:\Users\ozzzi\Desktop\CPPSQL\CPPSQL\Command.cpp(145,83): warning C4267: 'argument': conversion from 'size_t' to 'DWORD', possible loss of data
C:\Program Files\Microsoft Visual Studio\2022\Community\VC\Tools\MSVC\14.42.34433\include\xutility(4709,18): warning C4244: '=': conversion from 'wchar_t' to 'char', possible loss of data
  (compiling source file 'Command.cpp')
      C:\Program Files\Microsoft Visual Studio\2022\Community\VC\Tools\MSVC\14.42.34433\include\xutility(4709,18):
      the template instantiation context (the oldest one first) is
          C:\Users\ozzzi\Desktop\CPPSQL\CPPSQL\Command.cpp(150,18):
          see reference to function template instantiation 'std::basic_string<char,std::char_traits<char>,std::allocator<char>>::basic_string<std::_Vector_iterator<std::_Vector_val<std::_Simple_types<_Elem>>>,0>(_Iter,_Iter,const _Alloc &)' being compiled
          with
          [
              _Elem=wchar_t,
              _Iter=std::_Vector_iterator<std::_Vector_val<std::_Simple_types<wchar_t>>>,
              _Alloc=std::allocator<char>
          ]
              C:\Users\ozzzi\Desktop\CPPSQL\CPPSQL\Command.cpp(150,5):
              see the first reference to 'std::basic_string<char,std::char_traits<char>,std::allocator<char>>::basic_string' in 'Command::GetExecutableDirectory'
          C:\Program Files\Microsoft Visual Studio\2022\Community\VC\Tools\MSVC\14.42.34433\include\xstring(793,17):
          see reference to function template instantiation 'void std::basic_string<char,std::char_traits<char>,std::allocator<char>>::_Construct_from_iter<wchar_t*,wchar_t*,_Size_type>(_Iter,const _Sent,_Size)' being compiled
          with
          [
              _Size_type=unsigned __int64,
              _Iter=wchar_t *,
              _Sent=wchar_t *,
              _Size=unsigned __int64
          ]
          C:\Program Files\Microsoft Visual Studio\2022\Community\VC\Tools\MSVC\14.42.34433\include\xstring(949,18):
          see reference to function template instantiation '_OutIt *std::_Copy_n_unchecked4<wchar_t*,_Size,char*>(_InIt,_SizeTy,_OutIt)' being compiled
          with
          [
              _OutIt=char *,
              _Size=unsigned __int64,
              _InIt=wchar_t *,
              _SizeTy=unsigned __int64
          ]
  
  CommandProcessor.cpp
C:\Users\ozzzi\Desktop\CPPSQL\CPPSQL\Logger.cpp(6,14): warning C4091: 'static ': ignored on left of 'Logger' when no variable is declared
  (compiling source file 'CommandProcessor.cpp')
  
C:\Users\ozzzi\Desktop\CPPSQL\CPPSQL\Helpers.cpp(9,14): warning C4091: 'static ': ignored on left of 'Helpers' when no variable is declared
  (compiling source file 'CommandProcessor.cpp')
  
C:\Users\ozzzi\Desktop\CPPSQL\CPPSQL\CommandProcessor.cpp(9,14): warning C4091: 'static ': ignored on left of 'CommandProcessor' when no variable is declared
  Logger.cpp
C:\Users\ozzzi\Desktop\CPPSQL\CPPSQL\Logger.cpp(6,14): warning C4091: 'static ': ignored on left of 'Logger' when no variable is declared
  Helpers.cpp
C:\Users\ozzzi\Desktop\CPPSQL\CPPSQL\Logger.cpp(6,14): warning C4091: 'static ': ignored on left of 'Logger' when no variable is declared
  (compiling source file 'Helpers.cpp')
  
C:\Users\ozzzi\Desktop\CPPSQL\CPPSQL\Helpers.cpp(9,14): warning C4091: 'static ': ignored on left of 'Helpers' when no variable is declared
  Main.cpp
C:\Users\ozzzi\Desktop\CPPSQL\CPPSQL\Logger.cpp(6,14): warning C4091: 'static ': ignored on left of 'Logger' when no variable is declared
  (compiling source file 'Main.cpp')
  
C:\Users\ozzzi\Desktop\CPPSQL\CPPSQL\Helpers.cpp(9,14): warning C4091: 'static ': ignored on left of 'Helpers' when no variable is declared
  (compiling source file 'Main.cpp')
  
C:\Users\ozzzi\Desktop\CPPSQL\CPPSQL\CommandProcessor.cpp(9,14): warning C4091: 'static ': ignored on left of 'CommandProcessor' when no variable is declared
  (compiling source file 'Main.cpp')
  
  UserConfig.cpp
  ConnectionDetails.cpp
  Generating Code...
mysqlcppconn-static.lib(mysql_driver.obj) : warning LNK4099: PDB '' was not found with 'mysqlcppconn-static.lib(mysql_driver.obj)' or at ''; linking object as if no debug info
mysqlcppconn-static.lib(mysql_connection.obj) : warning LNK4099: PDB '' was not found with 'mysqlcppconn-static.lib(mysql_connection.obj)' or at ''; linking object as if no debug info
mysqlcppconn-static.lib(mysql_native_driver_wrapper.obj) : warning LNK4099: PDB '' was not found with 'mysqlcppconn-static.lib(mysql_native_driver_wrapper.obj)' or at ''; linking object as if no debug info
mysqlcppconn-static.lib(mysql_uri.obj) : warning LNK4099: PDB '' was not found with 'mysqlcppconn-static.lib(mysql_uri.obj)' or at ''; linking object as if no debug info
mysqlcppconn-static.lib(mysql_metadata.obj) : warning LNK4099: PDB '' was not found with 'mysqlcppconn-static.lib(mysql_metadata.obj)' or at ''; linking object as if no debug info
mysqlcppconn-static.lib(mysql_warning.obj) : warning LNK4099: PDB '' was not found with 'mysqlcppconn-static.lib(mysql_warning.obj)' or at ''; linking object as if no debug info
mysqlcppconn-static.lib(mysql_prepared_statement.obj) : warning LNK4099: PDB '' was not found with 'mysqlcppconn-static.lib(mysql_prepared_statement.obj)' or at ''; linking object as if no debug info
mysqlcppconn-static.lib(mysql_statement.obj) : warning LNK4099: PDB '' was not found with 'mysqlcppconn-static.lib(mysql_statement.obj)' or at ''; linking object as if no debug info
mysqlcppconn-static.lib(mysql_debug.obj) : warning LNK4099: PDB '' was not found with 'mysqlcppconn-static.lib(mysql_debug.obj)' or at ''; linking object as if no debug info
mysqlcppconn-static.lib(mysql_client_api.obj) : warning LNK4099: PDB '' was not found with 'mysqlcppconn-static.lib(mysql_client_api.obj)' or at ''; linking object as if no debug info
mysqlcppconn-static.lib(mysql_native_connection_wrapper.obj) : warning LNK4099: PDB '' was not found with 'mysqlcppconn-static.lib(mysql_native_connection_wrapper.obj)' or at ''; linking object as if no debug info
mysqlcppconn-static.lib(mysql_util.obj) : warning LNK4099: PDB '' was not found with 'mysqlcppconn-static.lib(mysql_util.obj)' or at ''; linking object as if no debug info
mysqlcppconn-static.lib(mysql_art_resultset.obj) : warning LNK4099: PDB '' was not found with 'mysqlcppconn-static.lib(mysql_art_resultset.obj)' or at ''; linking object as if no debug info
mysqlcppconn-static.lib(mysql_resultbind.obj) : warning LNK4099: PDB '' was not found with 'mysqlcppconn-static.lib(mysql_resultbind.obj)' or at ''; linking object as if no debug info
mysqlcppconn-static.lib(mysql_ps_resultset.obj) : warning LNK4099: PDB '' was not found with 'mysqlcppconn-static.lib(mysql_ps_resultset.obj)' or at ''; linking object as if no debug info
mysqlcppconn-static.lib(mysql_ps_resultset_metadata.obj) : warning LNK4099: PDB '' was not found with 'mysqlcppconn-static.lib(mysql_ps_resultset_metadata.obj)' or at ''; linking object as if no debug info
mysqlcppconn-static.lib(mysql_parameter_metadata.obj) : warning LNK4099: PDB '' was not found with 'mysqlcppconn-static.lib(mysql_parameter_metadata.obj)' or at ''; linking object as if no debug info
mysqlcppconn-static.lib(mysql_resultset.obj) : warning LNK4099: PDB '' was not found with 'mysqlcppconn-static.lib(mysql_resultset.obj)' or at ''; linking object as if no debug info
mysqlcppconn-static.lib(mysql_native_resultset_wrapper.obj) : warning LNK4099: PDB '' was not found with 'mysqlcppconn-static.lib(mysql_native_resultset_wrapper.obj)' or at ''; linking object as if no debug info
mysqlcppconn-static.lib(mysql_native_statement_wrapper.obj) : warning LNK4099: PDB '' was not found with 'mysqlcppconn-static.lib(mysql_native_statement_wrapper.obj)' or at ''; linking object as if no debug info
mysqlcppconn-static.lib(mysql_art_rset_metadata.obj) : warning LNK4099: PDB '' was not found with 'mysqlcppconn-static.lib(mysql_art_rset_metadata.obj)' or at ''; linking object as if no debug info
mysqlcppconn-static.lib(mysql_resultset_metadata.obj) : warning LNK4099: PDB '' was not found with 'mysqlcppconn-static.lib(mysql_resultset_metadata.obj)' or at ''; linking object as if no debug info
     Creating library C:\Users\ozzzi\Desktop\CPPSQL\x64\Debug\CPPSQL.lib and object C:\Users\ozzzi\Desktop\CPPSQL\x64\Debug\CPPSQL.exp
  CPPSQL.vcxproj -> C:\Users\ozzzi\Desktop\CPPSQL\x64\Debug\CPPSQL.exe
  'pwsh.exe' is not recognized as an internal or external command,
  operable program or batch file.
